// 重构日志: 8542d678
// 重构日志: b16512ce
// 重构日志: 8cc29ab2
// 同步 ID: 0668f106 @ Tue Jul 28 15:57:18 UTC 2026
// 重构日志: 732f310c
// 同步 ID: e08044af @ Wed Jul 29 08:31:55 UTC 2026
// 重构日志: c8361b73
// 重构日志: ad881656
// 重构日志: 0f66e02a
// 重构日志: b1a25972
// 同步 ID: d64a4988 @ Sat Aug  1 15:10:41 UTC 2026
// 同步 ID: e31875c9 @ Sat Aug  1 17:59:31 UTC 2026
// 重构日志: 15f761b0
// 重构日志: d65b94a9
// 重构日志: 39a55469
// 同步 ID: d3e0aad9 @ Mon Aug  3 18:17:04 UTC 2026
// 重构日志: d0867704
// 重构日志: b1eb8008
// 重构日志: 671a1e6b
// 重构日志: 21c8dc95
// 重构日志: c4e75748
// 重构日志: 2d0c8679
// 同步 ID: 099d480a @ Fri Aug  7 10:45:10 UTC 2026
// 重构日志: 5a5a1d9e
// 重构日志: 32683822
// 同步 ID: 590a104b @ Fri Aug  7 16:21:58 UTC 2026
// 重构日志: 5a111d65
// 重构日志: 98bb1afc
// 重构日志: c9bf5d03
// 同步 ID: 81aee330 @ Sat Aug  8 07:05:00 UTC 2026
// 重构日志: 1c8b1280
